GAMS 32.2.0  rc62c018 Released Aug 26, 2020 WEX-WEI x86 64bit/MS Windows - 09/25/20 20:02:32 Page 1
G e n e r a l   A l g e b r a i c   M o d e l i n g   S y s t e m
C o m p i l a t i o n


      CEE 6410 - Water Resources Systems Analysis
      Example Reservoir Opertation
       
      THE PROBLEM:
       
      A reservoir is designed to provide hydropower and water for irrigation.
      The turbine releases may also be used for irrigation.At least one unit of 
      water must be kept in the river each month
      The hydropower turbines have a capacity of 4 units of water per month
      (flows are constant during any single month), and any other releases must 
      bypass the turbines.
      The size of farmed area is very large relative to the amount of irrigation
       water available,
      so there is no upper limit on usable irrigation water.  The reservoir has 
      a capacity of 9 units,
      and initial storage is 5 units of water.  The ending storage must be equal
       to or greater than the
      beginning storage. The benefits per unit of waters, and the estimated aver
      age inflows to the reservoir are given in Table 1.
       
      Figure of System
                               ------->[Spillway] -------v
      ->[Inflow]->[Reservoir]-^-->[Hydropower]->[SpillwayHydroJunction]--->---v-
      -------------->[River Flow]
                                                                       [Irrigati
      on Diversion]
       
       
      Table        Hydropower and Irrigation Problem Data
       
      Month    Inflow Units    Hydropower Benefits ($/units)   Irrigation Benefi
      ts ($/units)
      1        2               1.6                             1
      2        2               1.7                             1.2
      3        3               1.8                             1.9
      4        4               1.9                             2.0
      5        3               2.0                             2.2
      6        2               2.0                             2.2
       
      THE SOLUTION:
      Uses General Algebraic Modeling System to Solve this Linear Program
       
      Patrick Campana
      patrickcampana555@gmail.com
      September 18, 2020
  39   
  40  * 1. DEFINE the SETS
  41  SETS Loc different locations in the model space  /Reservoir, Spillway, Tur
      bines, Irrigation, RiverA /
  42       CLoc(Loc)  Locations with Volume constraints /Reservoir, Turbines/
  43       PLoc(Loc)  Locations which generate Profit /Turbines, Irrigation/
  44       GLoc(Loc)  Locations which generate Profit /RiverA/
  45       ILoc (Loc) Locations which Receive external Flows /Reservoir/
  46       Time Months in period of interest (months) /M1, M2,M3, M4, M5, M6/
  47   
  48   
  49  * 2. DEFINE input data, Flow Constraints Coeffiecents, Monthly Inflow, Pro
      fit Coefficients
  50  PARAMETERS
  51   
  52    ble(CLoc) RHS constraint coeffients the must be met or less than (volume
      )
  53                          /Reservoir  9
  54                           Turbines   4/
  55   
  56    bge(GLoc) RHS constraint coeffcients the must be met or greater than (vo
      lume)
  57                           /RiverA  1/
  58    test(Time);
  59   
  60           test(time) = ORD(Time);
  61           display test;
  62    test(Time) = test(time+1);
  63           display test;
  64   
  65   
  66    TABLE FlowIn(Loc, Time) Monthly Inflows of water to the reservoir (volum
      e)
  67                            M1      M2      M3      M4      M5      M6
  68           Reservoir        2       2       3        4       3       2;
  69   
  70   
  71   
  72    TABLE c(Loc,Time) Objective function coefficients ($ per month)
  73                           M1      M2      M3      M4      M5      M6
  74           Turbines        1.6     1.7     1.8     1.9     2.0     2.0
  75           Irrigation      1.0     1.2     1.9     2.0     2.2     2.2;
  76   
  77    Scalar
  78           IStore Intial Storage In Reservoir /5/;
  79   
  80  *2A Create set for incremental adjustment of river flow
  81  *SETS Inflows /I1*I18/;
  82   
  83  *Parameter InflowReq(Inflows) Incremental Inflow Increases (units H2O);
  84   
  85  *InflowReq(Inflows) = 1 +0.1*(ord(Inflows)-1);
  86   
  87  *Display Inflow Set
  88  *Display InflowReq;
  89   
  90  *Parameters ObjFunc(Inflows) Objective Function values ($)
  91  *         DecVars (Inflows,Loc,Time) Decision Variable Values (Flows) to L
      ocations
  92  *         ShadowValsCloc(Inflows, CLoc,Time) Marginals for Cloc locations
  93  *         ShadowValsGloc(Inflows, GLoc,Time) Marginals for Gloc locations;
  94   
  95  * 3. DEFINE the variables: Flow to each location, Benefit
  96  VARIABLES
  97            X(Loc, Time) Flow Per Location Per Time (Volume)
  98            VPROFIT  total profit ($);
  99   
 100  * Non-negativity constraints
 101  POSITIVE VARIABLES X;
 102   
 103  * 4. COMBINE variables and data in equations
 104  EQUATIONS
 105     PROFIT Total profit ($) and objective function value
 106     LFlow_CONSTRAINTS(CLoc,Time) Flow Constraints that must be met or less 
      than (volume)
 107     GFlow_CONSTRAINTS(GLoc,time) Flow Constraints that must be met or great
      er than (volume)
 108     IResMB Intial Reservoir Mass Balance (volume)
 109     ResMB(Time)  Reservoir Mass Balance For Time Steps Greater than M1 (Vol
      ume)
 110     RiverMB(Loc,Time) River Mass Balance For all Time Steps (Volume)
 111     Sustainability Makes it so that Final Reservoir storage is not less tha
      t intial;
 112   
 113   
 114  *Maximize Profit
 115  PROFIT..     VPROFIT =E= SUM( (PLoc,Time), c(Ploc,Time)*X(Ploc,Time) );
 116   
 117   
 118  *Equations that Limit Reservoir and Turbine Volumes For each time step, de
      fines two sets of equations, 12 total
 119  LFlow_CONSTRAINTS(CLoc,Time)..  X(CLoc,Time) =L= ble(Cloc);
 120   
 121  *Equations that set RiverA volumes for each time step, defines one set of 
      equations, 6 total
 122  GFlow_CONSTRAINTS (GLoc, time)..     X(GLoc,Time) =G= bge(GLoc);
 123   
 124  *Intial Reservoir Mass Balance, defines one set of equations, 1 total
 125  IResMB..   FlowIn('Reservoir','M1') + IStore - X('spillway','M1')- X('Turb
      ines','M1')=E= X('Reservoir', 'M1');
 126   
 127  * Reservoir Mass Balance, defines one set of equations, 5 total
 128  ResMB(Time)$(ORD(Time)ge 2 )..   X('Reservoir', Time - 1) + FlowIn('Reserv
      oir',Time)- X('spillway',Time)- X('Turbines',Time)  =E= X('Reservoir',Time
      );
 129   
 130  *River Mass Balance, defines one set of equations, 6 total
 131  RiverMB(Loc,Time)..   X('Spillway',Time)+ X('Turbines',Time) =E= X('Irriga
      tion', Time)+X('RiverA',Time);
 132   
 133  *Sustainability Constraint, defines one set of equations, 1 total
 134  Sustainability.. X('Reservoir','M6') =G= IStore;
 135   
 136   
 137  * 5. DEFINE the MODEL from the EQUATIONS
 138  MODEL
 139  ReservoirOptimization /ALL/;
 140  *Removed objective and RHS range analysis
 141  ReservoirOptimization.OptFile = 1;
 142   
 143  *Show Slack Instead of lower or upper bound
 144  option solslack = 1;
 145  *Loop (Inflows,
 146  *Parametrically set the model input parameter of River Inflow Requirment f
      or this run
 147  *       bge('RiverA') = InflowReq(Inflows);
 148   
 149  *        Initialize decision Variables
 150  *       X.L(Loc,Time) = 0;
 151   
 152  *        Solve Model
 153  SOLVE ReservoirOptimization USING LP MAXIMIZING VPROFIT;
 154   
 155  *        Record Incremental Solution Changes
 156  *        Objective Function Value
 157  *       ObjFunc(Inflows) = VPROFIT.L;
 158  *        Decision Variables Value
 159  *         DecVars (Inflows,Loc,Time)= X.L(Loc,time);
 160  *        Track Turbines Flow
 161  *         ShadowValsCloc(Inflows, CLoc, time) =  LFlow_CONSTRAINTS.M(CLoc,
      Time);
 162  *         ShadowValsGloc(Inflows, GLoc,Time) =   GFlow_CONSTRAINTS.M (GLoc
      , time);
 163  *      );
 164  *        Finish Loop
 165   
 166   
 167   
 168  * Print out results from loop
 169  *DISPLAY InflowReq, ObjFunc, DecVars, ShadowValsCloc, ShadowValsGloc;
 170   
 171  * 6. SOLVE the MODEL
 172  * Solve the ReservoirOptimization model using a Linear Programming Solver 
      (see File=>Options=>Solvers)
 173  *     to maximize VPROFIT
 174   
 175   
 176  * 6. CLick File menu => RUN (F9) or Solve icon and examine solution report
       in .LST file
 177   
 178  Execute_Unload "ReservoirCode2.gdx";
 179  * Dump the gdx file to an Excel workbook
 180  Execute "gdx2xls ReservoirCode2.gdx"
 181  * To open the GDX file in the GAMS IDE, select File => Open.
 182  * In the Open window, set Filetype to .gdx and select the file.


COMPILATION TIME     =        0.000 SECONDS      3 MB  32.2.0 rc62c018 WEX-WEI
GAMS 32.2.0  rc62c018 Released Aug 26, 2020 WEX-WEI x86 64bit/MS Windows - 09/25/20 20:02:32 Page 2
G e n e r a l   A l g e b r a i c   M o d e l i n g   S y s t e m
E x e c u t i o n


----     61 PARAMETER test  

M1 1.000,    M2 2.000,    M3 3.000,    M4 4.000,    M5 5.000,    M6 6.000


----     63 PARAMETER test  

M1 2.000,    M2 3.000,    M3 4.000,    M4 5.000,    M5 6.000

GAMS 32.2.0  rc62c018 Released Aug 26, 2020 WEX-WEI x86 64bit/MS Windows - 09/25/20 20:02:32 Page 3
G e n e r a l   A l g e b r a i c   M o d e l i n g   S y s t e m
Equation Listing    SOLVE ReservoirOptimization Using LP From line 153


---- PROFIT  =E=  Total profit ($) and objective function value

PROFIT..  - 1.6*X(Turbines,M1) - 1.7*X(Turbines,M2) - 1.8*X(Turbines,M3)
     
      - 1.9*X(Turbines,M4) - 2*X(Turbines,M5) - 2*X(Turbines,M6)
     
      - X(Irrigation,M1) - 1.2*X(Irrigation,M2) - 1.9*X(Irrigation,M3)
     
      - 2*X(Irrigation,M4) - 2.2*X(Irrigation,M5) - 2.2*X(Irrigation,M6)
     
      + VPROFIT =E= 0 ; (LHS = 0)
     

---- LFlow_CONSTRAINTS  =L=  Flow Constraints that must be met or less than (vol
                             ume)

LFlow_CONSTRAINTS(Reservoir,M1)..  X(Reservoir,M1) =L= 9 ; (LHS = 0)
     
LFlow_CONSTRAINTS(Reservoir,M2)..  X(Reservoir,M2) =L= 9 ; (LHS = 0)
     
LFlow_CONSTRAINTS(Reservoir,M3)..  X(Reservoir,M3) =L= 9 ; (LHS = 0)
     
REMAINING 9 ENTRIES SKIPPED


---- GFlow_CONSTRAINTS  =G=  Flow Constraints that must be met or greater than (
                             volume)

GFlow_CONSTRAINTS(RiverA,M1)..  X(RiverA,M1) =G= 1 ; (LHS = 0, INFES = 1 ****)
     
GFlow_CONSTRAINTS(RiverA,M2)..  X(RiverA,M2) =G= 1 ; (LHS = 0, INFES = 1 ****)
     
GFlow_CONSTRAINTS(RiverA,M3)..  X(RiverA,M3) =G= 1 ; (LHS = 0, INFES = 1 ****)
     
REMAINING 3 ENTRIES SKIPPED


---- IResMB  =E=  Intial Reservoir Mass Balance (volume)

IResMB..  - X(Reservoir,M1) - X(Spillway,M1) - X(Turbines,M1) =E= -7 ;
     
      (LHS = 0, INFES = 7 ****)
     

---- ResMB  =E=  Reservoir Mass Balance For Time Steps Greater than M1 (Volume)

ResMB(M2)..  X(Reservoir,M1) - X(Reservoir,M2) - X(Spillway,M2) - X(Turbines,M2)
      =E= -2 ; (LHS = 0, INFES = 2 ****)
     
ResMB(M3)..  X(Reservoir,M2) - X(Reservoir,M3) - X(Spillway,M3) - X(Turbines,M3)
      =E= -3 ; (LHS = 0, INFES = 3 ****)
     
ResMB(M4)..  X(Reservoir,M3) - X(Reservoir,M4) - X(Spillway,M4) - X(Turbines,M4)
      =E= -4 ; (LHS = 0, INFES = 4 ****)
     
REMAINING 2 ENTRIES SKIPPED


---- RiverMB  =E=  River Mass Balance For all Time Steps (Volume)

RiverMB(Reservoir,M1)..  X(Spillway,M1) + X(Turbines,M1) - X(Irrigation,M1)
     
      - X(RiverA,M1) =E= 0 ; (LHS = 0)
     
RiverMB(Reservoir,M2)..  X(Spillway,M2) + X(Turbines,M2) - X(Irrigation,M2)
     
      - X(RiverA,M2) =E= 0 ; (LHS = 0)
     
RiverMB(Reservoir,M3)..  X(Spillway,M3) + X(Turbines,M3) - X(Irrigation,M3)
     
      - X(RiverA,M3) =E= 0 ; (LHS = 0)
     
REMAINING 27 ENTRIES SKIPPED


---- Sustainability  =G=  Makes it so that Final Reservoir storage is not less t
                          hat intial

Sustainability..  X(Reservoir,M6) =G= 5 ; (LHS = 0, INFES = 5 ****)
     
GAMS 32.2.0  rc62c018 Released Aug 26, 2020 WEX-WEI x86 64bit/MS Windows - 09/25/20 20:02:32 Page 4
G e n e r a l   A l g e b r a i c   M o d e l i n g   S y s t e m
Column Listing      SOLVE ReservoirOptimization Using LP From line 153


---- X  Flow Per Location Per Time (Volume)

X(Reservoir,M1)
                (.LO, .L, .UP, .M = 0, 0, +INF, 0)
        1       LFlow_CONSTRAINTS(Reservoir,M1)
       -1       IResMB
        1       ResMB(M2)

X(Reservoir,M2)
                (.LO, .L, .UP, .M = 0, 0, +INF, 0)
        1       LFlow_CONSTRAINTS(Reservoir,M2)
       -1       ResMB(M2)
        1       ResMB(M3)

X(Reservoir,M3)
                (.LO, .L, .UP, .M = 0, 0, +INF, 0)
        1       LFlow_CONSTRAINTS(Reservoir,M3)
       -1       ResMB(M3)
        1       ResMB(M4)

REMAINING 27 ENTRIES SKIPPED

---- VPROFIT  total profit ($)

VPROFIT
                (.LO, .L, .UP, .M = -INF, 0, +INF, 0)
        1       PROFIT

GAMS 32.2.0  rc62c018 Released Aug 26, 2020 WEX-WEI x86 64bit/MS Windows - 09/25/20 20:02:32 Page 5
G e n e r a l   A l g e b r a i c   M o d e l i n g   S y s t e m
Model Statistics    SOLVE ReservoirOptimization Using LP From line 153


MODEL STATISTICS

BLOCKS OF EQUATIONS           7     SINGLE EQUATIONS           56
BLOCKS OF VARIABLES           2     SINGLE VARIABLES           31
NON ZERO ELEMENTS           175


GENERATION TIME      =        0.016 SECONDS      4 MB  32.2.0 rc62c018 WEX-WEI
GAMS 32.2.0  rc62c018 Released Aug 26, 2020 WEX-WEI x86 64bit/MS Windows - 09/25/20 20:02:32 Page 6
G e n e r a l   A l g e b r a i c   M o d e l i n g   S y s t e m
Solution Report     SOLVE ReservoirOptimization Using LP From line 153


               S O L V E      S U M M A R Y

     MODEL   ReservoirOptimization   OBJECTIVE  VPROFIT
     TYPE    LP                      DIRECTION  MAXIMIZE
     SOLVER  CPLEX                   FROM LINE  153

**** SOLVER STATUS     1 Normal Completion         
**** MODEL STATUS      1 Optimal                   
**** OBJECTIVE VALUE               51.6000

 RESOURCE USAGE, LIMIT          0.094 10000000000.000
 ITERATION COUNT, LIMIT        18    2147483647

IBM ILOG CPLEX   32.2.0 rc62c018 Released Aug 26, 2020 WEI x86 64bit/MS Window
--- GAMS/Cplex Link licensed for continuous and discrete problems.
Cplex 12.10.0.0

Reading parameter(s) from "C:\Users\Sharp Student\Documents\WRSA\GAMS\GitHub\CEE
                                                        -6410-Campana\cplex.opt"
>> 
>>  rhsrng all
Finished reading from "C:\Users\Sharp Student\Documents\WRSA\GAMS\GitHub\CEE-641
                                                            0-Campana\cplex.opt"
Space for names approximately 0.00 Mb
Use option 'names no' to turn use of names off
LP status(1): optimal
Cplex Time: 0.08sec (det. 0.08 ticks)
Optimal solution found.
Objective :          51.600000

  
 
EQUATION NAME                                 LOWER      CURRENT        UPPER
-------------                                 -----      -------        -----
PROFIT                                         -INF            0         +INF
LFlow_CONSTRAINTS(Reservoir, M1)                  6            9         +INF
LFlow_CONSTRAINTS(Reservoir, M2)                  7            9         +INF
LFlow_CONSTRAINTS(Reservoir, M3)                  8            9         +INF
LFlow_CONSTRAINTS(Reservoir, M4)                  8            9         +INF
LFlow_CONSTRAINTS(Reservoir, M5)                  7            9         +INF
LFlow_CONSTRAINTS(Reservoir, M6)                  5            9         +INF
LFlow_CONSTRAINTS(Turbines, M1)                   1            4         +INF
LFlow_CONSTRAINTS(Turbines, M2)                   1            4         +INF
LFlow_CONSTRAINTS(Turbines, M3)                   2            4         +INF
LFlow_CONSTRAINTS(Turbines, M4)                   2            4            5
LFlow_CONSTRAINTS(Turbines, M5)                   2            4            5
LFlow_CONSTRAINTS(Turbines, M6)                   2            4            5
GFlow_CONSTRAINTS(RiverA, M1)                     0            1            2
GFlow_CONSTRAINTS(RiverA, M2)                     0            1            2
GFlow_CONSTRAINTS(RiverA, M3)                     0            1            2
GFlow_CONSTRAINTS(RiverA, M4)                     0            1            4
GFlow_CONSTRAINTS(RiverA, M5)                     0            1            4
GFlow_CONSTRAINTS(RiverA, M6)                     0            1            4
IResMB                                           -9           -7           -6
ResMB(M2)                                        -4           -2           -1
ResMB(M3)                                        -5           -3           -2
ResMB(M4)                                        -6           -4           -3
ResMB(M5)                                        -5           -3           -2
ResMB(M6)                                        -4           -2           -1
RiverMB(Reservoir, M1)                            0            0            0
RiverMB(Reservoir, M2)                            0            0            0
RiverMB(Reservoir, M3)                            0            0            0
RiverMB(Reservoir, M4)                            0            0            0
RiverMB(Reservoir, M5)                            0            0            0
RiverMB(Reservoir, M6)                            0            0            0
RiverMB(Spillway, M1)                             0            0            0
RiverMB(Spillway, M2)                             0            0            0
RiverMB(Spillway, M3)                             0            0            0
RiverMB(Spillway, M4)                             0            0            0
RiverMB(Spillway, M5)                             0            0            0
RiverMB(Spillway, M6)                             0            0            0
RiverMB(Turbines, M1)                             0            0            0
RiverMB(Turbines, M2)                             0            0            0
RiverMB(Turbines, M3)                             0            0            0
RiverMB(Turbines, M4)                             0            0            0
RiverMB(Turbines, M5)                             0            0            0
RiverMB(Turbines, M6)                             0            0            0
RiverMB(Irrigation, M1)                           0            0            0
RiverMB(Irrigation, M2)                           0            0            0
RiverMB(Irrigation, M3)                           0            0            0
RiverMB(Irrigation, M4)                           0            0            0
RiverMB(Irrigation, M5)                           0            0            0
RiverMB(Irrigation, M6)                           0            0            0
RiverMB(RiverA, M1)                               0            0            0
RiverMB(RiverA, M2)                               0            0            0
RiverMB(RiverA, M3)                               0            0            0
RiverMB(RiverA, M4)                               0            0            0
RiverMB(RiverA, M5)                               0            0            0
RiverMB(RiverA, M6)                               0            0            0
Sustainability                                    3            5            6

                       LOWER     SLACK     UPPER    MARGINAL

---- EQU PROFIT          .         .         .        1.000      

  PROFIT  Total profit ($) and objective function value

---- EQU LFlow_CONSTRAINTS  Flow Constraints that must be met or less than (volu
                            me)

                LOWER     SLACK     UPPER    MARGINAL

Reservoir.M1     -INF      3.000     9.000      .         
Reservoir.M2     -INF      2.000     9.000      .         
Reservoir.M3     -INF      1.000     9.000      .         
Reservoir.M4     -INF      1.000     9.000      .         
Reservoir.M5     -INF      2.000     9.000      .         
Reservoir.M6     -INF      4.000     9.000      .         
Turbines .M1     -INF      3.000     4.000      .         
Turbines .M2     -INF      3.000     4.000      .         
Turbines .M3     -INF      2.000     4.000      .         
Turbines .M4     -INF       .        4.000     0.200      
Turbines .M5     -INF       .        4.000     0.500      
Turbines .M6     -INF       .        4.000     0.500      

---- EQU GFlow_CONSTRAINTS  Flow Constraints that must be met or greater than (v
                            olume)

             LOWER     SLACK     UPPER    MARGINAL

RiverA.M1     1.000      .        +INF     -2.100      
RiverA.M2     1.000      .        +INF     -2.000      
RiverA.M3     1.000      .        +INF     -1.900      
RiverA.M4     1.000      .        +INF     -2.000      
RiverA.M5     1.000      .        +INF     -2.200      
RiverA.M6     1.000      .        +INF     -2.200      

                       LOWER     SLACK     UPPER    MARGINAL

---- EQU IResMB        -7.000      .       -7.000    -3.700      

  IResMB  Intial Reservoir Mass Balance (volume)

---- EQU ResMB  Reservoir Mass Balance For Time Steps Greater than M1 (Volume)

      LOWER     SLACK     UPPER    MARGINAL

M2    -2.000      .       -2.000    -3.700      
M3    -3.000      .       -3.000    -3.700      
M4    -4.000      .       -4.000    -3.700      
M5    -3.000      .       -3.000    -3.700      
M6    -2.000      .       -2.000    -3.700      

---- EQU RiverMB  River Mass Balance For all Time Steps (Volume)

                 LOWER     SLACK     UPPER    MARGINAL

Reservoir .M1      .         .         .       -2.100      
Reservoir .M2      .         .         .       -2.000      
Reservoir .M3      .         .         .         .         
Reservoir .M4      .         .         .         .         
Reservoir .M5      .         .         .         .         
Reservoir .M6      .         .         .         .         
Spillway  .M1      .         .         .         .         
Spillway  .M2      .         .         .         .         
Spillway  .M3      .         .         .       -1.900      
Spillway  .M4      .         .         .         .         
Spillway  .M5      .         .         .         .         
Spillway  .M6      .         .         .         .         
Turbines  .M1      .         .         .         .         
Turbines  .M2      .         .         .         .         
Turbines  .M3      .         .         .         .         
Turbines  .M4      .         .         .       -2.000      
Turbines  .M5      .         .         .       -2.200      
Turbines  .M6      .         .         .         .         
Irrigation.M1      .         .         .         .         
Irrigation.M2      .         .         .         .         
Irrigation.M3      .         .         .         .         
Irrigation.M4      .         .         .         .         
Irrigation.M5      .         .         .         .         
Irrigation.M6      .         .         .       -2.200      
RiverA    .M1      .         .         .         .         
RiverA    .M2      .         .         .         .         
RiverA    .M3      .         .         .         .         
RiverA    .M4      .         .         .         .         
RiverA    .M5      .         .         .         .         
RiverA    .M6      .         .         .         .         

                       LOWER     SLACK     UPPER    MARGINAL

---- EQU Sustainab~     5.000      .        +INF     -3.700      

  Sustainability  Makes it so that Final Reservoir storage is not less that inti
                  al

---- VAR X  Flow Per Location Per Time (Volume)

                 LOWER     LEVEL     UPPER    MARGINAL

Reservoir .M1      .        6.000     +INF       .         
Reservoir .M2      .        7.000     +INF       .         
Reservoir .M3      .        8.000     +INF       .         
Reservoir .M4      .        8.000     +INF       .         
Reservoir .M5      .        7.000     +INF       .         
Reservoir .M6      .        5.000     +INF       .         
Spillway  .M1      .         .        +INF     -1.600      
Spillway  .M2      .         .        +INF     -1.700      
Spillway  .M3      .         .        +INF     -1.800      
Spillway  .M4      .         .        +INF     -1.700      
Spillway  .M5      .         .        +INF     -1.500      
Spillway  .M6      .         .        +INF     -1.500      
Turbines  .M1      .        1.000     +INF       .         
Turbines  .M2      .        1.000     +INF       .         
Turbines  .M3      .        2.000     +INF       .         
Turbines  .M4      .        4.000     +INF       .         
Turbines  .M5      .        4.000     +INF       .         
Turbines  .M6      .        4.000     +INF       .         
Irrigation.M1      .         .        +INF     -1.100      
Irrigation.M2      .         .        +INF     -0.800      
Irrigation.M3      .        1.000     +INF       .         
Irrigation.M4      .        3.000     +INF       .         
Irrigation.M5      .        3.000     +INF       .         
Irrigation.M6      .        3.000     +INF       .         
RiverA    .M1      .        1.000     +INF       .         
RiverA    .M2      .        1.000     +INF       .         
RiverA    .M3      .        1.000     +INF       .         
RiverA    .M4      .        1.000     +INF       .         
RiverA    .M5      .        1.000     +INF       .         
RiverA    .M6      .        1.000     +INF       .         

                       LOWER     LEVEL     UPPER    MARGINAL

---- VAR VPROFIT        -INF     51.600     +INF       .         

  VPROFIT  total profit ($)


**** REPORT SUMMARY :        0     NONOPT
                             0 INFEASIBLE
                             0  UNBOUNDED
GAMS 32.2.0  rc62c018 Released Aug 26, 2020 WEX-WEI x86 64bit/MS Windows - 09/25/20 20:02:32 Page 7
G e n e r a l   A l g e b r a i c   M o d e l i n g   S y s t e m
E x e c u t i o n


EXECUTION TIME       =        1.687 SECONDS      4 MB  32.2.0 rc62c018 WEX-WEI


USER: Small MUD - 5 User License                     G200622/0001AP-GEN
      Utah State University, Utah Water Research Laboratory      DC7087
      License for teaching and research at degree granting institutions


**** FILE SUMMARY

Input      C:\Users\Sharp Student\Documents\WRSA\GAMS\GitHub\CEE-6410-Campana\Re
           servoirCode2.gms
Output     C:\Users\Sharp Student\Documents\WRSA\GAMS\GitHub\CEE-6410-Campana\Re
           servoirCode2.lst
